Output file: /home/anca/facultate/ANUL_2/SO/lambda/lambda-loader/checker/output/out-M6As6z
