/home/anca/facultate/ANUL_2/SO/lambda/lambda-loader/checker/output/out-WQoOSr
/home/anca/facultate/ANUL_2/SO/lambda/lambda-loader/checker/output/out-1IQRlN
/home/anca/facultate/ANUL_2/SO/lambda/lambda-loader/checker/output/out-5HgM7y
/home/anca/facultate/ANUL_2/SO/lambda/lambda-loader/checker/output/out-BqgYCB
/home/anca/facultate/ANUL_2/SO/lambda/lambda-loader/checker/output/out-S5yLDe
/home/anca/facultate/ANUL_2/SO/lambda/lambda-loader/checker/output/out-QjrDKn
/home/anca/facultate/ANUL_2/SO/lambda/lambda-loader/checker/output/out-7hwzTM
/home/anca/facultate/ANUL_2/SO/lambda/lambda-loader/checker/output/out-hL63Om
/home/anca/facultate/ANUL_2/SO/lambda/lambda-loader/checker/output/out-dd1bhO
/home/anca/facultate/ANUL_2/SO/lambda/lambda-loader/checker/output/out-r2vQfO
/home/anca/facultate/ANUL_2/SO/lambda/lambda-loader/checker/output/out-UwFFys
/home/anca/facultate/ANUL_2/SO/lambda/lambda-loader/checker/output/out-EYrHFV
/home/anca/facultate/ANUL_2/SO/lambda/lambda-loader/checker/output/out-nzTgoo
/home/anca/facultate/ANUL_2/SO/lambda/lambda-loader/checker/output/out-wTuluM
/home/anca/facultate/ANUL_2/SO/lambda/lambda-loader/checker/output/out-ret8is
/home/anca/facultate/ANUL_2/SO/lambda/lambda-loader/checker/output/out-ODvFsr
/home/anca/facultate/ANUL_2/SO/lambda/lambda-loader/checker/output/out-3CtooP
/home/anca/facultate/ANUL_2/SO/lambda/lambda-loader/checker/output/out-vZTp9J
/home/anca/facultate/ANUL_2/SO/lambda/lambda-loader/checker/output/out-SuYcnF
/home/anca/facultate/ANUL_2/SO/lambda/lambda-loader/checker/output/out-CaNPsN
/home/anca/facultate/ANUL_2/SO/lambda/lambda-loader/checker/output/out-WTWhQJ
/home/anca/facultate/ANUL_2/SO/lambda/lambda-loader/checker/output/out-PxRZag
/home/anca/facultate/ANUL_2/SO/lambda/lambda-loader/checker/output/out-Gm2jfH
/home/anca/facultate/ANUL_2/SO/lambda/lambda-loader/checker/output/out-ZLZgVd
/home/anca/facultate/ANUL_2/SO/lambda/lambda-loader/checker/output/out-AjWFLK
/home/anca/facultate/ANUL_2/SO/lambda/lambda-loader/checker/output/out-h9mDdE
/home/anca/facultate/ANUL_2/SO/lambda/lambda-loader/checker/output/out-1a3sm7
/home/anca/facultate/ANUL_2/SO/lambda/lambda-loader/checker/output/out-iL41GY
/home/anca/facultate/ANUL_2/SO/lambda/lambda-loader/checker/output/out-k85N0L
/home/anca/facultate/ANUL_2/SO/lambda/lambda-loader/checker/output/out-6iOa0s
/home/anca/facultate/ANUL_2/SO/lambda/lambda-loader/checker/output/out-lLSyhv
/home/anca/facultate/ANUL_2/SO/lambda/lambda-loader/checker/output/out-vD5l3j
/home/anca/facultate/ANUL_2/SO/lambda/lambda-loader/checker/output/out-P0fG1g
/home/anca/facultate/ANUL_2/SO/lambda/lambda-loader/checker/output/out-qrUKjj
/home/anca/facultate/ANUL_2/SO/lambda/lambda-loader/checker/output/out-0XkBoF
/home/anca/facultate/ANUL_2/SO/lambda/lambda-loader/checker/output/out-bVbQcL
/home/anca/facultate/ANUL_2/SO/lambda/lambda-loader/checker/output/out-kqTIYo
/home/anca/facultate/ANUL_2/SO/lambda/lambda-loader/checker/output/out-yhV8vK
/home/anca/facultate/ANUL_2/SO/lambda/lambda-loader/checker/output/out-SBnfL0
/home/anca/facultate/ANUL_2/SO/lambda/lambda-loader/checker/output/out-Z2gypm
/home/anca/facultate/ANUL_2/SO/lambda/lambda-loader/checker/output/out-xya0Bh
/home/anca/facultate/ANUL_2/SO/lambda/lambda-loader/checker/output/out-maUtGJ
/home/anca/facultate/ANUL_2/SO/lambda/lambda-loader/checker/output/out-NNcfQR
/home/anca/facultate/ANUL_2/SO/lambda/lambda-loader/checker/output/out-gv40AF
/home/anca/facultate/ANUL_2/SO/lambda/lambda-loader/checker/output/out-3G9ymZ
/home/anca/facultate/ANUL_2/SO/lambda/lambda-loader/checker/output/out-tcNLGJ
/home/anca/facultate/ANUL_2/SO/lambda/lambda-loader/checker/output/out-VTVsU1
/home/anca/facultate/ANUL_2/SO/lambda/lambda-loader/checker/output/out-M1qLzh
/home/anca/facultate/ANUL_2/SO/lambda/lambda-loader/checker/output/out-55I1E3
/home/anca/facultate/ANUL_2/SO/lambda/lambda-loader/checker/output/out-mfIluB
/home/anca/facultate/ANUL_2/SO/lambda/lambda-loader/checker/output/out-6UwQ0r
/home/anca/facultate/ANUL_2/SO/lambda/lambda-loader/checker/output/out-enmNLO
/home/anca/facultate/ANUL_2/SO/lambda/lambda-loader/checker/output/out-kW2OUM
/home/anca/facultate/ANUL_2/SO/lambda/lambda-loader/checker/output/out-CLTiVn
/home/anca/facultate/ANUL_2/SO/lambda/lambda-loader/checker/output/out-PAhTxr
/home/anca/facultate/ANUL_2/SO/lambda/lambda-loader/checker/output/out-fXhSzc
/home/anca/facultate/ANUL_2/SO/lambda/lambda-loader/checker/output/out-ZgCS56
/home/anca/facultate/ANUL_2/SO/lambda/lambda-loader/checker/output/out-3MmTOP
/home/anca/facultate/ANUL_2/SO/lambda/lambda-loader/checker/output/out-fdx54r
/home/anca/facultate/ANUL_2/SO/lambda/lambda-loader/checker/output/out-1q6zhO
/home/anca/facultate/ANUL_2/SO/lambda/lambda-loader/checker/output/out-24lu7L
/home/anca/facultate/ANUL_2/SO/lambda/lambda-loader/checker/output/out-cibv7Y
/home/anca/facultate/ANUL_2/SO/lambda/lambda-loader/checker/output/out-iMaT5h
/home/anca/facultate/ANUL_2/SO/lambda/lambda-loader/checker/output/out-XOGUaI
/home/anca/facultate/ANUL_2/SO/lambda/lambda-loader/checker/output/out-UqoU9O
/home/anca/facultate/ANUL_2/SO/lambda/lambda-loader/checker/output/out-0uZ9xQ
/home/anca/facultate/ANUL_2/SO/lambda/lambda-loader/checker/output/out-Kwh6dI
/home/anca/facultate/ANUL_2/SO/lambda/lambda-loader/checker/output/out-iQ3XNU
/home/anca/facultate/ANUL_2/SO/lambda/lambda-loader/checker/output/out-7zqdCU
/home/anca/facultate/ANUL_2/SO/lambda/lambda-loader/checker/output/out-GODFVb
/home/anca/facultate/ANUL_2/SO/lambda/lambda-loader/checker/output/out-9qs2d7
/home/anca/facultate/ANUL_2/SO/lambda/lambda-loader/checker/output/out-drga0r
/home/anca/facultate/ANUL_2/SO/lambda/lambda-loader/checker/output/out-9os8RY
/home/anca/facultate/ANUL_2/SO/lambda/lambda-loader/checker/output/out-I9tddS
/home/anca/facultate/ANUL_2/SO/lambda/lambda-loader/checker/output/out-uqyySq
/home/anca/facultate/ANUL_2/SO/lambda/lambda-loader/checker/output/out-myH3jR
/home/anca/facultate/ANUL_2/SO/lambda/lambda-loader/checker/output/out-2mYnru
/home/anca/facultate/ANUL_2/SO/lambda/lambda-loader/checker/output/out-vEudjr
/home/anca/facultate/ANUL_2/SO/lambda/lambda-loader/checker/output/out-Lo4lJj
/home/anca/facultate/ANUL_2/SO/lambda/lambda-loader/checker/output/out-gulx1e
/home/anca/facultate/ANUL_2/SO/lambda/lambda-loader/checker/output/out-4l6gMa
/home/anca/facultate/ANUL_2/SO/lambda/lambda-loader/checker/output/out-00LIP3
/home/anca/facultate/ANUL_2/SO/lambda/lambda-loader/checker/output/out-hW2Nnc
/home/anca/facultate/ANUL_2/SO/lambda/lambda-loader/checker/output/out-NP6fRv
/home/anca/facultate/ANUL_2/SO/lambda/lambda-loader/checker/output/out-gJdi8p
/home/anca/facultate/ANUL_2/SO/lambda/lambda-loader/checker/output/out-sj9Jj4
/home/anca/facultate/ANUL_2/SO/lambda/lambda-loader/checker/output/out-cHQEOk
/home/anca/facultate/ANUL_2/SO/lambda/lambda-loader/checker/output/out-mtaK4b
/home/anca/facultate/ANUL_2/SO/lambda/lambda-loader/checker/output/out-V208y5
/home/anca/facultate/ANUL_2/SO/lambda/lambda-loader/checker/output/out-CHSPj3
/home/anca/facultate/ANUL_2/SO/lambda/lambda-loader/checker/output/out-cx4byS
/home/anca/facultate/ANUL_2/SO/lambda/lambda-loader/checker/output/out-FMRbEM
/home/anca/facultate/ANUL_2/SO/lambda/lambda-loader/checker/output/out-JtZV19
/home/anca/facultate/ANUL_2/SO/lambda/lambda-loader/checker/output/out-u0mk3x
/home/anca/facultate/ANUL_2/SO/lambda/lambda-loader/checker/output/out-eWNHdL
/home/anca/facultate/ANUL_2/SO/lambda/lambda-loader/checker/output/out-CcY2NK
/home/anca/facultate/ANUL_2/SO/lambda/lambda-loader/checker/output/out-qiu9Op
/home/anca/facultate/ANUL_2/SO/lambda/lambda-loader/checker/output/out-c07AEt
/home/anca/facultate/ANUL_2/SO/lambda/lambda-loader/checker/output/out-HISL8m
/home/anca/facultate/ANUL_2/SO/lambda/lambda-loader/checker/output/out-g7QmRy
