/home/anca/facultate/ANUL_2/SO/lambda/lambda-loader/checker/output/out-jbe1ZJ
/home/anca/facultate/ANUL_2/SO/lambda/lambda-loader/checker/output/out-94IwMf
/home/anca/facultate/ANUL_2/SO/lambda/lambda-loader/checker/output/out-SeSkFm
/home/anca/facultate/ANUL_2/SO/lambda/lambda-loader/checker/output/out-2wDQWp
/home/anca/facultate/ANUL_2/SO/lambda/lambda-loader/checker/output/out-wW23FQ
/home/anca/facultate/ANUL_2/SO/lambda/lambda-loader/checker/output/out-TXSTLK
/home/anca/facultate/ANUL_2/SO/lambda/lambda-loader/checker/output/out-nqQgRr
/home/anca/facultate/ANUL_2/SO/lambda/lambda-loader/checker/output/out-SaRTLe
/home/anca/facultate/ANUL_2/SO/lambda/lambda-loader/checker/output/out-vKERGZ
/home/anca/facultate/ANUL_2/SO/lambda/lambda-loader/checker/output/out-XaHH09
