Output file: /home/anca/facultate/ANUL_2/SO/lambda/lambda-loader/checker/output/out-e7H8BW
