Output file: /home/anca/facultate/ANUL_2/SO/lambda/lambda-loader/checker/output/out-i8J4M8
