Output file: /home/anca/facultate/ANUL_2/SO/lambda/lambda-loader/checker/output/out-j7Xq0N
